Archive member included to satisfy reference by file (symbol)

C:/ST/STM32CubeIDE_1.16.1/STM32CubeIDE/plugins/com.st.stm32cube.ide.mcu.externaltools.gnu-tools-for-stm32.12.3.rel1.win32_1.0.200.202406191623/tools/bin/../lib/gcc/arm-none-eabi/12.3.1/../../../../arm-none-eabi/lib/thumb/v7e-m+fp/hard\libc_nano.a(libc_a-exit.o)
                              C:/ST/STM32CubeIDE_1.16.1/STM32CubeIDE/plugins/com.st.stm32cube.ide.mcu.externaltools.gnu-tools-for-stm32.12.3.rel1.win32_1.0.200.202406191623/tools/bin/../lib/gcc/arm-none-eabi/12.3.1/../../../../arm-none-eabi/lib/thumb/v7e-m+fp/hard/crt0.o (exit)
C:/ST/STM32CubeIDE_1.16.1/STM32CubeIDE/plugins/com.st.stm32cube.ide.mcu.externaltools.gnu-tools-for-stm32.12.3.rel1.win32_1.0.200.202406191623/tools/bin/../lib/gcc/arm-none-eabi/12.3.1/../../../../arm-none-eabi/lib/thumb/v7e-m+fp/hard\libc_nano.a(libc_a-findfp.o)
                              C:/ST/STM32CubeIDE_1.16.1/STM32CubeIDE/plugins/com.st.stm32cube.ide.mcu.externaltools.gnu-tools-for-stm32.12.3.rel1.win32_1.0.200.202406191623/tools/bin/../lib/gcc/arm-none-eabi/12.3.1/../../../../arm-none-eabi/lib/thumb/v7e-m+fp/hard\libc_nano.a(libc_a-exit.o) (__stdio_exit_handler)
C:/ST/STM32CubeIDE_1.16.1/STM32CubeIDE/plugins/com.st.stm32cube.ide.mcu.externaltools.gnu-tools-for-stm32.12.3.rel1.win32_1.0.200.202406191623/tools/bin/../lib/gcc/arm-none-eabi/12.3.1/../../../../arm-none-eabi/lib/thumb/v7e-m+fp/hard\libc_nano.a(libc_a-fwalk.o)
                              C:/ST/STM32CubeIDE_1.16.1/STM32CubeIDE/plugins/com.st.stm32cube.ide.mcu.externaltools.gnu-tools-for-stm32.12.3.rel1.win32_1.0.200.202406191623/tools/bin/../lib/gcc/arm-none-eabi/12.3.1/../../../../arm-none-eabi/lib/thumb/v7e-m+fp/hard\libc_nano.a(libc_a-findfp.o) (_fwalk_sglue)
C:/ST/STM32CubeIDE_1.16.1/STM32CubeIDE/plugins/com.st.stm32cube.ide.mcu.externaltools.gnu-tools-for-stm32.12.3.rel1.win32_1.0.200.202406191623/tools/bin/../lib/gcc/arm-none-eabi/12.3.1/../../../../arm-none-eabi/lib/thumb/v7e-m+fp/hard\libc_nano.a(libc_a-stdio.o)
                              C:/ST/STM32CubeIDE_1.16.1/STM32CubeIDE/plugins/com.st.stm32cube.ide.mcu.externaltools.gnu-tools-for-stm32.12.3.rel1.win32_1.0.200.202406191623/tools/bin/../lib/gcc/arm-none-eabi/12.3.1/../../../../arm-none-eabi/lib/thumb/v7e-m+fp/hard\libc_nano.a(libc_a-findfp.o) (__sread)
C:/ST/STM32CubeIDE_1.16.1/STM32CubeIDE/plugins/com.st.stm32cube.ide.mcu.externaltools.gnu-tools-for-stm32.12.3.rel1.win32_1.0.200.202406191623/tools/bin/../lib/gcc/arm-none-eabi/12.3.1/../../../../arm-none-eabi/lib/thumb/v7e-m+fp/hard\libc_nano.a(libc_a-memset.o)
                              C:/ST/STM32CubeIDE_1.16.1/STM32CubeIDE/plugins/com.st.stm32cube.ide.mcu.externaltools.gnu-tools-for-stm32.12.3.rel1.win32_1.0.200.202406191623/tools/bin/../lib/gcc/arm-none-eabi/12.3.1/../../../../arm-none-eabi/lib/thumb/v7e-m+fp/hard/crt0.o (memset)
C:/ST/STM32CubeIDE_1.16.1/STM32CubeIDE/plugins/com.st.stm32cube.ide.mcu.externaltools.gnu-tools-for-stm32.12.3.rel1.win32_1.0.200.202406191623/tools/bin/../lib/gcc/arm-none-eabi/12.3.1/../../../../arm-none-eabi/lib/thumb/v7e-m+fp/hard\libc_nano.a(libc_a-closer.o)
                              C:/ST/STM32CubeIDE_1.16.1/STM32CubeIDE/plugins/com.st.stm32cube.ide.mcu.externaltools.gnu-tools-for-stm32.12.3.rel1.win32_1.0.200.202406191623/tools/bin/../lib/gcc/arm-none-eabi/12.3.1/../../../../arm-none-eabi/lib/thumb/v7e-m+fp/hard\libc_nano.a(libc_a-stdio.o) (_close_r)
C:/ST/STM32CubeIDE_1.16.1/STM32CubeIDE/plugins/com.st.stm32cube.ide.mcu.externaltools.gnu-tools-for-stm32.12.3.rel1.win32_1.0.200.202406191623/tools/bin/../lib/gcc/arm-none-eabi/12.3.1/../../../../arm-none-eabi/lib/thumb/v7e-m+fp/hard\libc_nano.a(libc_a-reent.o)
                              C:/ST/STM32CubeIDE_1.16.1/STM32CubeIDE/plugins/com.st.stm32cube.ide.mcu.externaltools.gnu-tools-for-stm32.12.3.rel1.win32_1.0.200.202406191623/tools/bin/../lib/gcc/arm-none-eabi/12.3.1/../../../../arm-none-eabi/lib/thumb/v7e-m+fp/hard\libc_nano.a(libc_a-closer.o) (errno)
C:/ST/STM32CubeIDE_1.16.1/STM32CubeIDE/plugins/com.st.stm32cube.ide.mcu.externaltools.gnu-tools-for-stm32.12.3.rel1.win32_1.0.200.202406191623/tools/bin/../lib/gcc/arm-none-eabi/12.3.1/../../../../arm-none-eabi/lib/thumb/v7e-m+fp/hard\libc_nano.a(libc_a-impure.o)
                              C:/ST/STM32CubeIDE_1.16.1/STM32CubeIDE/plugins/com.st.stm32cube.ide.mcu.externaltools.gnu-tools-for-stm32.12.3.rel1.win32_1.0.200.202406191623/tools/bin/../lib/gcc/arm-none-eabi/12.3.1/../../../../arm-none-eabi/lib/thumb/v7e-m+fp/hard\libc_nano.a(libc_a-reent.o) (_impure_ptr)
C:/ST/STM32CubeIDE_1.16.1/STM32CubeIDE/plugins/com.st.stm32cube.ide.mcu.externaltools.gnu-tools-for-stm32.12.3.rel1.win32_1.0.200.202406191623/tools/bin/../lib/gcc/arm-none-eabi/12.3.1/../../../../arm-none-eabi/lib/thumb/v7e-m+fp/hard\libc_nano.a(libc_a-lseekr.o)
[...]
Memory Configuration

Name             Origin             Length             Attributes
RAM              0x20000000         0x00040000         xrw
FLASH            0x08000000         0x00080000         xr
*default*        0x00000000         0xffffffff

Linker script and memory map

LOAD C:/ST/STM32CubeIDE_1.16.1/STM32CubeIDE/plugins/com.st.stm32cube.ide.mcu.externaltools.gnu-tools-for-stm32.12.3.rel1.win32_1.0.200.202406191623/tools/bin/../lib/gcc/arm-none-eabi/12.3.1/thumb/v7e-m+fp/hard/crti.o
LOAD C:/ST/STM32CubeIDE_1.16.1/STM32CubeIDE/plugins/com.st.stm32cube.ide.mcu.externaltools.gnu-tools-for-stm32.12.3.rel1.win32_1.0.200.202406191623/tools/bin/../lib/gcc/arm-none-eabi/12.3.1/thumb/v7e-m+fp/hard/crtbegin.o
LOAD C:/ST/STM32CubeIDE_1.16.1/STM32CubeIDE/plugins/com.st.stm32cube.ide.mcu.externaltools.gnu-tools-for-stm32.12.3.rel1.win32_1.0.200.202406191623/tools/bin/../lib/gcc/arm-none-eabi/12.3.1/../../../../arm-none-eabi/lib/thumb/v7e-m+fp/hard/crt0.o
LOAD ./Core/Src/LoRa.o
LOAD ./Core/Src/main.o
LOAD ./Core/Src/stm32f4xx_hal_msp.o
LOAD ./Core/Src/stm32f4xx_it.o
LOAD ./Core/Src/syscalls.o
LOAD ./Core/Src/sysmem.o
LOAD ./Core/Src/system_stm32f4xx.o
LOAD ./Core/Startup/startup_stm32f412retx.o
LOAD ./Drivers/STM32F4xx_HAL_Driver/Src/stm32f4xx_hal.o
LOAD ./Drivers/STM32F4xx_HAL_Driver/Src/stm32f4xx_hal_cortex.o
LOAD ./Drivers/STM32F4xx_HAL_Driver/Src/stm32f4xx_hal_dma.o
LOAD ./Drivers/STM32F4xx_HAL_Driver/Src/stm32f4xx_hal_dma_ex.o
LOAD ./Drivers/STM32F4xx_HAL_Driver/Src/stm32f4xx_hal_exti.o
LOAD ./Drivers/STM32F4xx_HAL_Driver/Src/stm32f4xx_hal_flash.o
LOAD ./Drivers/STM32F4xx_HAL_Driver/Src/stm32f4xx_hal_flash_ex.o
LOAD ./Drivers/STM32F4xx_HAL_Driver/Src/stm32f4xx_hal_flash_ramfunc.o
LOAD ./Drivers/STM32F4xx_HAL_Driver/Src/stm32f4xx_hal_gpio.o
LOAD ./Drivers/STM32F4xx_HAL_Driver/Src/stm32f4xx_hal_pwr.o
LOAD ./Drivers/STM32F4xx_HAL_Driver/Src/stm32f4xx_hal_pwr_ex.o
LOAD ./Drivers/STM32F4xx_HAL_Driver/Src/stm32f4xx_hal_rcc.o
LOAD ./Drivers/STM32F4xx_HAL_Driver/Src/stm32f4xx_hal_rcc_ex.o
LOAD ./Drivers/STM32F4xx_HAL_Driver/Src/stm32f4xx_hal_spi.o
LOAD ./Drivers/STM32F4xx_HAL_Driver/Src/stm32f4xx_hal_tim.o
LOAD ./Drivers/STM32F4xx_HAL_Driver/Src/stm32f4xx_hal_tim_ex.o
START GROUP
LOAD C:/ST/STM32CubeIDE_1.16.1/STM32CubeIDE/plugins/com.st.stm32cube.ide.mcu.externaltools.gnu-tools-for-stm32.12.3.rel1.win32_1.0.200.202406191623/tools/bin/../lib/gcc/arm-none-eabi/12.3.1/../../../../arm-none-eabi/lib/thumb/v7e-m+fp/hard\libc_nano.a
LOAD C:/ST/STM32CubeIDE_1.16.1/STM32CubeIDE/plugins/com.st.stm32cube.ide.mcu.externaltools.gnu-tools-for-stm32.12.3.rel1.win32_1.0.200.202406191623/tools/bin/../lib/gcc/arm-none-eabi/12.3.1/../../../../arm-none-eabi/lib/thumb/v7e-m+fp/hard\libm.a
END GROUP
START GROUP
LOAD C:/ST/STM32CubeIDE_1.16.1/STM32CubeIDE/plugins/com.st.stm32cube.ide.mcu.externaltools.gnu-tools-for-stm32.12.3.rel1.win32_1.0.200.202406191623/tools/bin/../lib/gcc/arm-none-eabi/12.3.1/thumb/v7e-m+fp/hard\libgcc.a
LOAD C:/ST/STM32CubeIDE_1.16.1/STM32CubeIDE/plugins/com.st.stm32cube.ide.mcu.externaltools.gnu-tools-for-stm32.12.3.rel1.win32_1.0.200.202406191623/tools/bin/../lib/gcc/arm-none-eabi/12.3.1/../../../../arm-none-eabi/lib/thumb/v7e-m+fp/hard\libc_nano.a
END GROUP
START GROUP
LOAD C:/ST/STM32CubeIDE_1.16.1/STM32CubeIDE/plugins/com.st.stm32cube.ide.mcu.externaltools.gnu-tools-for-stm32.12.3.rel1.win32_1.0.200.202406191623/tools/bin/../lib/gcc/arm-none-eabi/12.3.1/thumb/v7e-m+fp/hard\libgcc.a
LOAD C:/ST/STM32CubeIDE_1.16.1/STM32CubeIDE/plugins/com.st.stm32cube.ide.mcu.externaltools.gnu-tools-for-stm32.12.3.rel1.win32_1.0.200.202406191623/tools/bin/../lib/gcc/arm-none-eabi/12.3.1/../../../../arm-none-eabi/lib/thumb/v7e-m+fp/hard\libc_nano.a
LOAD C:/ST/STM32CubeIDE_1.16.1/STM32CubeIDE/plugins/com.st.stm32cube.ide.mcu.externaltools.gnu-tools-for-stm32.12.3.rel1.win32_1.0.200.202406191623/tools/bin/../lib/gcc/arm-none-eabi/12.3.1/../../../../arm-none-eabi/lib/thumb/v7e-m+fp/hard\libnosys.a
END GROUP
START GROUP
LOAD C:/ST/STM32CubeIDE_1.16.1/STM32CubeIDE/plugins/com.st.stm32cube.ide.mcu.externaltools.gnu-tools-for-stm32.12.3.rel1.win32_1.0.200.202406191623/tools/bin/../lib/gcc/arm-none-eabi/12.3.1/thumb/v7e-m+fp/hard\libgcc.a
LOAD C:/ST/STM32CubeIDE_1.16.1/STM32CubeIDE/plugins/com.st.stm32cube.ide.mcu.externaltools.gnu-tools-for-stm32.12.3.rel1.win32_1.0.200.202406191623/tools/bin/../lib/gcc/arm-none-eabi/12.3.1/../../../../arm-none-eabi/lib/thumb/v7e-m+fp/hard\libc_nano.a
LOAD C:/ST/STM32CubeIDE_1.16.1/STM32CubeIDE/plugins/com.st.stm32cube.ide.mcu.externaltools.gnu-tools-for-stm32.12.3.rel1.win32_1.0.200.202406191623/tools/bin/../lib/gcc/arm-none-eabi/12.3.1/../../../../arm-none-eabi/lib/thumb/v7e-m+fp/hard\libnosys.a
END GROUP
LOAD C:/ST/STM32CubeIDE_1.16.1/STM32CubeIDE/plugins/com.st.stm32cube.ide.mcu.externaltools.gnu-tools-for-stm32.12.3.rel1.win32_1.0.200.202406191623/tools/bin/../lib/gcc/arm-none-eabi/12.3.1/thumb/v7e-m+fp/hard/crtend.o
LOAD C:/ST/STM32CubeIDE_1.16.1/STM32CubeIDE/plugins/com.st.stm32cube.ide.mcu.externaltools.gnu-tools-for-stm32.12.3.rel1.win32_1.0.200.202406191623/tools/bin/../lib/gcc/arm-none-eabi/12.3.1/thumb/v7e-m+fp/hard/crtn.o
                0x20040000                        _estack = (ORIGIN (RAM) + LENGTH (RAM))
                0x00000200                        _Min_Heap_Size = 0x200
                0x00000400                        _Min_Stack_Size = 0x400

.isr_vector     0x08000000      0x1c4
                0x08000000                        . = ALIGN (0x4)
 *(.isr_vector)
 .isr_vector    0x08000000      0x1c4 ./Core/Startup/startup_stm32f412retx.o
                0x08000000                g_pfnVectors
                0x080001c4                        . = ALIGN (0x4)

.text           0x080001c4     0x3284
                0x080001c4                        . = ALIGN (0x4)
 *(.text)
 .text          0x080001c4       0x40 C:/ST/STM32CubeIDE_1.16.1/STM32CubeIDE/plugins/com.st.stm32cube.ide.mcu.externaltools.gnu-tools-for-stm32.12.3.rel1.win32_1.0.200.202406191623/tools/bin/../lib/gcc/arm-none-eabi/12.3.1/thumb/v7e-m+fp/hard/crtbegin.o
 .text          0x08000204      0x378 C:/ST/STM32CubeIDE_1.16.1/STM32CubeIDE/plugins/com.st.stm32cube.ide.mcu.externaltools.gnu-tools-for-stm32.12.3.rel1.win32_1.0.200.202406191623/tools/bin/../lib/gcc/arm-none-eabi/12.3.1/thumb/v7e-m+fp/hard\libgcc.a(_arm_addsubdf3.o)
                0x08000204                __aeabi_drsub
                0x0800020c                __aeabi_dsub
                0x0800020c                __subdf3
                0x08000210                __aeabi_dadd
                0x08000210                __adddf3
                0x08000488                __floatunsidf
                0x08000488                __aeabi_ui2d
                0x080004a8                __floatsidf
                0x080004a8                __aeabi_i2d
                0x080004cc                __aeabi_f2d
                0x080004cc                __extendsfdf2
                0x08000510                __floatundidf
                0x08000510                __aeabi_ul2d
                0x08000520                __floatdidf
                0x08000520                __aeabi_l2d
 .text          0x0800057c      0x424 C:/ST/STM32CubeIDE_1.16.1/STM32CubeIDE/plugins/com.st.stm32cube.ide.mcu.externaltools.gnu-tools-for-stm32.12.3.rel1.win32_1.0.200.202406191623/tools/bin/../lib/gcc/arm-none-eabi/12.3.1/thumb/v7e-m+fp/hard\libgcc.a(_arm_muldivdf3.o)
                0x0800057c                __aeabi_dmul
                0x0800057c                __muldf3
                0x080007d0                __divdf3
                0x080007d0                __aeabi_ddiv
 .text          0x080009a0       0x50 C:/ST/STM32CubeIDE_1.16.1/STM32CubeIDE/plugins/com.st.stm32cube.ide.mcu.externaltools.gnu-tools-for-stm32.12.3.rel1.win32_1.0.200.202406191623/tools/bin/../lib/gcc/arm-none-eabi/12.3.1/thumb/v7e-m+fp/hard\libgcc.a(_arm_fixdfsi.o)
                0x080009a0                __aeabi_d2iz
                0x080009a0                __fixdfsi
 .text          0x080009f0       0x30 C:/ST/STM32CubeIDE_1.16.1/STM32CubeIDE/plugins/com.st.stm32cube.ide.mcu.externaltools.gnu-tools-for-stm32.12.3.rel1.win32_1.0.200.202406191623/tools/bin/../lib/gcc/arm-none-eabi/12.3.1/thumb/v7e-m+fp/hard\libgcc.a(_aeabi_uldivmod.o)
                0x080009f0                __aeabi_uldivmod
 .text          0x08000a20      0x2bc C:/ST/STM32CubeIDE_1.16.1/STM32CubeIDE/plugins/com.st.stm32cube.ide.mcu.externaltools.gnu-tools-for-stm32.12.3.rel1.win32_1.0.200.202406191623/tools/bin/../lib/gcc/arm-none-eabi/12.3.1/thumb/v7e-m+fp/hard\libgcc.a(_udivmoddi4.o)
                0x08000a20                __udivmoddi4
 .text          0x08000cdc        0x4 C:/ST/STM32CubeIDE_1.16.1/STM32CubeIDE/plugins/com.st.stm32cube.ide.mcu.externaltools.gnu-tools-for-stm32.12.3.rel1.win32_1.0.200.202406191623/tools/bin/../lib/gcc/arm-none-eabi/12.3.1/thumb/v7e-m+fp/hard\libgcc.a(_dvmd_tls.o)
                0x08000cdc                __aeabi_idiv0
                0x08000cdc                __aeabi_ldiv0
 *(.text*)
 .text.newLoRa  0x08000ce0       0x52 ./Core/Src/LoRa.o
                0x08000ce0                newLoRa
 .text.LoRa_gotoMode
                0x08000d32       0xc2 ./Core/Src/LoRa.o
                0x08000d32                LoRa_gotoMode
 .text.LoRa_readReg
                0x08000df4       0x7c ./Core/Src/LoRa.o
                0x08000df4                LoRa_readReg
 .text.LoRa_writeReg
                0x08000e70       0x7c ./Core/Src/LoRa.o
                0x08000e70                LoRa_writeReg
 .text.LoRa_setLowDaraRateOptimization
                0x08000eec       0x4a ./Core/Src/LoRa.o
                0x08000eec                LoRa_setLowDaraRateOptimization
 *fill*         0x08000f36        0x2 
 .text.LoRa_setAutoLDO
                0x08000f38       0x6c ./Core/Src/LoRa.o
                0x08000f38                LoRa_setAutoLDO
 .text.LoRa_setFrequency
                0x08000fa4       0x60 ./Core/Src/LoRa.o
                0x08000fa4                LoRa_setFrequency
 .text.LoRa_setSpreadingFactor
                0x08001004       0x64 ./Core/Src/LoRa.o
                0x08001004                LoRa_setSpreadingFactor
 .text.LoRa_setPower
                0x08001068       0x26 ./Core/Src/LoRa.o
                0x08001068                LoRa_setPower
 *fill*         0x0800108e        0x2 
 .text.LoRa_setOCP
                0x08001090       0x7c ./Core/Src/LoRa.o
                0x08001090                LoRa_setOCP
 .text.LoRa_setTOMsb_setCRCon
                0x0800110c       0x36 ./Core/Src/LoRa.o
                0x0800110c                LoRa_setTOMsb_setCRCon
 .text.LoRa_read
                0x08001142       0x34 ./Core/Src/LoRa.o
                0x08001142                LoRa_read
 .text.LoRa_write
                0x08001176       0x3a ./Core/Src/LoRa.o
                0x08001176                LoRa_write
 .text.LoRa_BurstWrite
                0x080011b0       0x8e ./Core/Src/LoRa.o
                0x080011b0                LoRa_BurstWrite
 .text.LoRa_isvalid
                0x0800123e       0x16 ./Core/Src/LoRa.o
                0x0800123e                LoRa_isvalid
 .text.LoRa_transmit
                0x08001254       0xb0 ./Core/Src/LoRa.o
                0x08001254                LoRa_transmit
 .text.LoRa_startReceiving
                0x08001304       0x18 ./Core/Src/LoRa.o
                0x08001304                LoRa_startReceiving
 .text.LoRa_init
                0x0800131c      0x14e ./Core/Src/LoRa.o
                0x0800131c                LoRa_init
 *fill*         0x0800146a        0x2 
 .text.main     0x0800146c      0x104 ./Core/Src/main.o
                0x0800146c                main
 .text.SystemClock_Config
                0x08001570       0xd4 ./Core/Src/main.o
                0x08001570                SystemClock_Config
 .text.MX_SPI3_Init
                0x08001644       0x6c ./Core/Src/main.o
 .text.MX_GPIO_Init
                0x080016b0       0xc0 ./Core/Src/main.o
 .text.Error_Handler
                0x08001770        0xc ./Core/Src/main.o
                0x08001770                Error_Handler
 .text.HAL_MspInit
                0x0800177c       0x50 ./Core/Src/stm32f4xx_hal_msp.o
                0x0800177c                HAL_MspInit
 .text.HAL_SPI_MspInit
                0x080017cc       0xd4 ./Core/Src/stm32f4xx_hal_msp.o
                0x080017cc                HAL_SPI_MspInit
 .text.NMI_Handler
                0x080018a0        0x8 ./Core/Src/stm32f4xx_it.o
                0x080018a0                NMI_Handler
 .text.HardFault_Handler
                0x080018a8        0x8 ./Core/Src/stm32f4xx_it.o
                0x080018a8                HardFault_Handler
 .text.MemManage_Handler
                0x080018b0        0x8 ./Core/Src/stm32f4xx_it.o
                0x080018b0                MemManage_Handler
 .text.BusFault_Handler
                0x080018b8        0x8 ./Core/Src/stm32f4xx_it.o
                0x080018b8                BusFault_Handler
 .text.UsageFault_Handler
                0x080018c0        0x8 ./Core/Src/stm32f4xx_it.o
                0x080018c0                UsageFault_Handler
 .text.SVC_Handler
                0x080018c8        0xe ./Core/Src/stm32f4xx_it.o
                0x080018c8                SVC_Handler
 .text.DebugMon_Handler
                0x080018d6        0xe ./Core/Src/stm32f4xx_it.o
                0x080018d6                DebugMon_Handler
 .text.PendSV_Handler
                0x080018e4        0xe ./Core/Src/stm32f4xx_it.o
                0x080018e4                PendSV_Handler
 .text.SysTick_Handler
                0x080018f2        0xc ./Core/Src/stm32f4xx_it.o
                0x080018f2                SysTick_Handler
 *fill*         0x080018fe        0x2 
 .text.SystemInit
                0x08001900       0x24 ./Core/Src/system_stm32f4xx.o
                0x08001900                SystemInit
 .text.Reset_Handler
                0x08001924       0x50 ./Core/Startup/startup_stm32f412retx.o
                0x08001924                Reset_Handler
 .text.Default_Handler
                0x08001974        0x2 ./Core/Startup/startup_stm32f412retx.o
                0x08001974                RTC_Alarm_IRQHandler
                0x08001974                EXTI2_IRQHandler
                0x08001974                TIM8_CC_IRQHandler
                0x08001974                FMPI2C1_EV_IRQHandler
                0x08001974                SPI4_IRQHandler
                0x08001974                TIM1_CC_IRQHandler
                0x08001974                DMA2_Stream5_IRQHandler
                0x08001974                DMA1_Stream5_IRQHandler
                0x08001974                TIM6_IRQHandler
                0x08001974                PVD_IRQHandler
                0x08001974                SDIO_IRQHandler
                0x08001974                TAMP_STAMP_IRQHandler
                0x08001974                CAN2_RX1_IRQHandler
                0x08001974                EXTI3_IRQHandler
                0x08001974                TIM8_TRG_COM_TIM14_IRQHandler
                0x08001974                DFSDM1_FLT1_IRQHandler
                0x08001974                TIM1_UP_TIM10_IRQHandler
                0x08001974                TIM8_UP_TIM13_IRQHandler
                0x08001974                I2C3_ER_IRQHandler
                0x08001974                EXTI0_IRQHandler
                0x08001974                I2C2_EV_IRQHandler
                0x08001974                DMA1_Stream2_IRQHandler
                0x08001974                CAN1_RX0_IRQHandler
                0x08001974                FPU_IRQHandler
                0x08001974                CAN2_SCE_IRQHandler
                0x08001974                DMA2_Stream2_IRQHandler
                0x08001974                SPI1_IRQHandler
                0x08001974                TIM1_BRK_TIM9_IRQHandler
                0x08001974                CAN2_RX0_IRQHandler
                0x08001974                DMA2_Stream3_IRQHandler
                0x08001974                USART6_IRQHandler
                0x08001974                USART3_IRQHandler
                0x08001974                CAN1_RX1_IRQHandler
                0x08001974                DMA2_Stream0_IRQHandler
                0x08001974                TIM4_IRQHandler
                0x08001974                QUADSPI_IRQHandler
                0x08001974                I2C1_EV_IRQHandler
                0x08001974                DMA1_Stream6_IRQHandler
                0x08001974                DMA1_Stream1_IRQHandler
                0x08001974                TIM3_IRQHandler
                0x08001974                RCC_IRQHandler
                0x08001974                TIM8_BRK_TIM12_IRQHandler
                0x08001974                Default_Handler
                0x08001974                EXTI15_10_IRQHandler
                0x08001974                ADC_IRQHandler
                0x08001974                DMA1_Stream7_IRQHandler
                0x08001974                SPI5_IRQHandler
                0x08001974                TIM7_IRQHandler
                0x08001974                CAN2_TX_IRQHandler
                0x08001974                TIM5_IRQHandler
                0x08001974                DMA2_Stream7_IRQHandler
                0x08001974                I2C3_EV_IRQHandler
                0x08001974                EXTI9_5_IRQHandler
                0x08001974                RTC_WKUP_IRQHandler
                0x08001974                SPI2_IRQHandler
                0x08001974                DMA1_Stream0_IRQHandler
                0x08001974                CAN1_TX_IRQHandler
                0x08001974                FMPI2C1_ER_IRQHandler
                0x08001974                EXTI4_IRQHandler
                0x08001974                RNG_IRQHandler
                0x08001974                WWDG_IRQHandler
                0x08001974                TIM2_IRQHandler
                0x08001974                OTG_FS_WKUP_IRQHandler
                0x08001974                TIM1_TRG_COM_TIM11_IRQHandler
                0x08001974                EXTI1_IRQHandler
                0x08001974                USART2_IRQHandler
                0x08001974                DFSDM1_FLT0_IRQHandler
                0x08001974                I2C2_ER_IRQHandler
                0x08001974                DMA2_Stream1_IRQHandler
                0x08001974                CAN1_SCE_IRQHandler
                0x08001974                FLASH_IRQHandler
                0x08001974                DMA2_Stream4_IRQHandler
                0x08001974                USART1_IRQHandler
                0x08001974                OTG_FS_IRQHandler
                0x08001974                SPI3_IRQHandler
                0x08001974                DMA1_Stream4_IRQHandler
                0x08001974                I2C1_ER_IRQHandler
                0x08001974                DMA2_Stream6_IRQHandler
                0x08001974                DMA1_Stream3_IRQHandler
 *fill*         0x08001976        0x2 
 .text.HAL_Init
                0x08001978       0x44 ./Drivers/STM32F4xx_HAL_Driver/Src/stm32f4xx_hal.o
                0x08001978                HAL_Init
 .text.HAL_InitTick
                0x080019bc       0x60 ./Drivers/STM32F4xx_HAL_Driver/Src/stm32f4xx_hal.o
                0x080019bc                HAL_InitTick
 .text.HAL_IncTick
                0x08001a1c       0x28 ./Drivers/STM32F4xx_HAL_Driver/Src/stm32f4xx_hal.o
                0x08001a1c                HAL_IncTick
 .text.HAL_GetTick
                0x08001a44       0x18 ./Drivers/STM32F4xx_HAL_Driver/Src/stm32f4xx_hal.o
                0x08001a44                HAL_GetTick
 .text.HAL_Delay
                0x08001a5c       0x48 ./Drivers/STM32F4xx_HAL_Driver/Src/stm32f4xx_hal.o
                0x08001a5c                HAL_Delay
 .text.__NVIC_SetPriorityGrouping
                0x08001aa4       0x48 ./Drivers/STM32F4xx_HAL_Driver/Src/stm32f4xx_hal_cortex.o
 .text.__NVIC_GetPriorityGrouping
                0x08001aec       0x1c ./Drivers/STM32F4xx_HAL_Driver/Src/stm32f4xx_hal_cortex.o
 .text.__NVIC_SetPriority
                0x08001b08       0x54 ./Drivers/STM32F4xx_HAL_Driver/Src/stm32f4xx_hal_cortex.o
 .text.NVIC_EncodePriority
                0x08001b5c       0x66 ./Drivers/STM32F4xx_HAL_Driver/Src/stm32f4xx_hal_cortex.o
 *fill*         0x08001bc2        0x2 
 .text.SysTick_Config
                0x08001bc4       0x44 ./Drivers/STM32F4xx_HAL_Driver/Src/stm32f4xx_hal_cortex.o
 .text.HAL_NVIC_SetPriorityGrouping
                0x08001c08       0x16 ./Drivers/STM32F4xx_HAL_Driver/Src/stm32f4xx_hal_cortex.o
                0x08001c08                HAL_NVIC_SetPriorityGrouping
 .text.HAL_NVIC_SetPriority
                0x08001c1e       0x38 ./Drivers/STM32F4xx_HAL_Driver/Src/stm32f4xx_hal_cortex.o
                0x08001c1e                HAL_NVIC_SetPriority
 .text.HAL_SYSTICK_Config
                0x08001c56       0x18 ./Drivers/STM32F4xx_HAL_Driver/Src/stm32f4xx_hal_cortex.o
                0x08001c56                HAL_SYSTICK_Config
 *fill*         0x08001c6e        0x2 
 .text.HAL_GPIO_Init
                0x08001c70      0x2f8 ./Drivers/STM32F4xx_HAL_Driver/Src/stm32f4xx_hal_gpio.o
                0x08001c70                HAL_GPIO_Init
 .text.HAL_GPIO_WritePin
                0x08001f68       0x32 ./Drivers/STM32F4xx_HAL_Driver/Src/stm32f4xx_hal_gpio.o
                0x08001f68                HAL_GPIO_WritePin
 *fill*         0x08001f9a        0x2 
 .text.HAL_RCC_ClockConfig
                0x08001f9c      0x1cc ./Drivers/STM32F4xx_HAL_Driver/Src/stm32f4xx_hal_rcc.o
                0x08001f9c                HAL_RCC_ClockConfig
 .text.HAL_RCC_GetSysClockFreq
                0x08002168      0x18c ./Drivers/STM32F4xx_HAL_Driver/Src/stm32f4xx_hal_rcc.o
                0x08002168                HAL_RCC_GetSysClockFreq
 .text.HAL_RCC_OscConfig
                0x080022f4      0x508 ./Drivers/STM32F4xx_HAL_Driver/Src/stm32f4xx_hal_rcc_ex.o
                0x080022f4                HAL_RCC_OscConfig
 .text.HAL_SPI_Init
                0x080027fc      0x112 ./Drivers/STM32F4xx_HAL_Driver/Src/stm32f4xx_hal_spi.o
                0x080027fc                HAL_SPI_Init
 .text.HAL_SPI_Transmit
                0x0800290e      0x288 ./Drivers/STM32F4xx_HAL_Driver/Src/stm32f4xx_hal_spi.o
                0x0800290e                HAL_SPI_Transmit
 .text.HAL_SPI_Receive
                0x08002b96      0x232 ./Drivers/STM32F4xx_HAL_Driver/Src/stm32f4xx_hal_spi.o
                0x08002b96                HAL_SPI_Receive
 .text.HAL_SPI_TransmitReceive
                0x08002dc8      0x352 ./Drivers/STM32F4xx_HAL_Driver/Src/stm32f4xx_hal_spi.o
                0x08002dc8                HAL_SPI_TransmitReceive
 .text.HAL_SPI_GetState
                0x0800311a       0x1c ./Drivers/STM32F4xx_HAL_Driver/Src/stm32f4xx_hal_spi.o
                0x0800311a                HAL_SPI_GetState
 *fill*         0x08003136        0x2 
 .text.SPI_WaitFlagStateUntilTimeout
                0x08003138      0x110 ./Drivers/STM32F4xx_HAL_Driver/Src/stm32f4xx_hal_spi.o
 .text.SPI_EndRxTransaction
                0x08003248       0xca ./Drivers/STM32F4xx_HAL_Driver/Src/stm32f4xx_hal_spi.o
 *fill*         0x08003312        0x2 
 .text.SPI_EndRxTxTransaction
                0x08003314       0xa8 ./Drivers/STM32F4xx_HAL_Driver/Src/stm32f4xx_hal_spi.o
 .text.memset   0x080033bc       0x10 C:/ST/STM32CubeIDE_1.16.1/STM32CubeIDE/plugins/com.st.stm32cube.ide.mcu.externaltools.gnu-tools-for-stm32.12.3.rel1.win32_1.0.200.202406191623/tools/bin/../lib/gcc/arm-none-eabi/12.3.1/../../../../arm-none-eabi/lib/thumb/v7e-m+fp/hard\libc_nano.a(libc_a-memset.o)
                0x080033bc                memset
 .text.__libc_init_array
                0x080033cc       0x48 C:/ST/STM32CubeIDE_1.16.1/STM32CubeIDE/plugins/com.st.stm32cube.ide.mcu.externaltools.gnu-tools-for-stm32.12.3.rel1.win32_1.0.200.202406191623/tools/bin/../lib/gcc/arm-none-eabi/12.3.1/../../../../arm-none-eabi/lib/thumb/v7e-m+fp/hard\libc_nano.a(libc_a-init.o)
                0x080033cc                __libc_init_array
 .text.memcpy   0x08003414       0x1c C:/ST/STM32CubeIDE_1.16.1/STM32CubeIDE/plugins/com.st.stm32cube.ide.mcu.externaltools.gnu-tools-for-stm32.12.3.rel1.win32_1.0.200.202406191623/tools/bin/../lib/gcc/arm-none-eabi/12.3.1/../../../../arm-none-eabi/lib/thumb/v7e-m+fp/hard\libc_nano.a(libc_a-memcpy-stub.o)
                0x08003414                memcpy
 *(.glue_7)
 .glue_7        0x08003430        0x0 linker stubs
 *(.glue_7t)
 .glue_7t       0x08003430        0x0 linker stubs
 *(.eh_frame)
 .eh_frame      0x08003430        0x0 C:/ST/STM32CubeIDE_1.16.1/STM32CubeIDE/plugins/com.st.stm32cube.ide.mcu.externaltools.gnu-tools-for-stm32.12.3.rel1.win32_1.0.200.202406191623/tools/bin/../lib/gcc/arm-none-eabi/12.3.1/thumb/v7e-m+fp/hard/crtbegin.o
 *(.init)
 .init          0x08003430        0x4 C:/ST/STM32CubeIDE_1.16.1/STM32CubeIDE/plugins/com.st.stm32cube.ide.mcu.externaltools.gnu-tools-for-stm32.12.3.rel1.win32_1.0.200.202406191623/tools/bin/../lib/gcc/arm-none-eabi/12.3.1/thumb/v7e-m+fp/hard/crti.o
                0x08003430                _init
 .init          0x08003434        0x8 C:/ST/STM32CubeIDE_1.16.1/STM32CubeIDE/plugins/com.st.stm32cube.ide.mcu.externaltools.gnu-tools-for-stm32.12.3.rel1.win32_1.0.200.202406191623/tools/bin/../lib/gcc/arm-none-eabi/12.3.1/thumb/v7e-m+fp/hard/crtn.o
 *(.fini)
 .fini          0x0800343c        0x4 C:/ST/STM32CubeIDE_1.16.1/STM32CubeIDE/plugins/com.st.stm32cube.ide.mcu.externaltools.gnu-tools-for-stm32.12.3.rel1.win32_1.0.200.202406191623/tools/bin/../lib/gcc/arm-none-eabi/12.3.1/thumb/v7e-m+fp/hard/crti.o
                0x0800343c                _fini
 .fini          0x08003440        0x8 C:/ST/STM32CubeIDE_1.16.1/STM32CubeIDE/plugins/com.st.stm32cube.ide.mcu.externaltools.gnu-tools-for-stm32.12.3.rel1.win32_1.0.200.202406191623/tools/bin/../lib/gcc/arm-none-eabi/12.3.1/thumb/v7e-m+fp/hard/crtn.o
                0x08003448                        . = ALIGN (0x4)
                0x08003448                        _etext = .

.vfp11_veneer   0x08003448        0x0
 .vfp11_veneer  0x08003448        0x0 linker stubs

.v4_bx          0x08003448        0x0
 .v4_bx         0x08003448        0x0 linker stubs

.iplt           0x08003448        0x0
 .iplt          0x08003448        0x0 C:/ST/STM32CubeIDE_1.16.1/STM32CubeIDE/plugins/com.st.stm32cube.ide.mcu.externaltools.gnu-tools-for-stm32.12.3.rel1.win32_1.0.200.202406191623/tools/bin/../lib/gcc/arm-none-eabi/12.3.1/thumb/v7e-m+fp/hard/crtbegin.o

.rodata         0x08003448       0x70
                0x08003448                        . = ALIGN (0x4)
 *(.rodata)
 .rodata        0x08003448       0x50 ./Core/Src/LoRa.o
 .rodata        0x08003498        0xd ./Core/Src/main.o
 *(.rodata*)
 *fill*         0x080034a5        0x3 
 .rodata.AHBPrescTable
                0x080034a8       0x10 ./Core/Src/system_stm32f4xx.o
                0x080034a8                AHBPrescTable
                0x080034b8                        . = ALIGN (0x4)

.ARM.extab      0x080034b8        0x0
                0x080034b8                        . = ALIGN (0x4)
 *(.ARM.extab* .gnu.linkonce.armextab.*)
                0x080034b8                        . = ALIGN (0x4)

.ARM            0x080034b8        0x8
                0x080034b8                        . = ALIGN (0x4)
                0x080034b8                        __exidx_start = .
 *(.ARM.exidx*)
 .ARM.exidx     0x080034b8        0x8 C:/ST/STM32CubeIDE_1.16.1/STM32CubeIDE/plugins/com.st.stm32cube.ide.mcu.externaltools.gnu-tools-for-stm32.12.3.rel1.win32_1.0.200.202406191623/tools/bin/../lib/gcc/arm-none-eabi/12.3.1/thumb/v7e-m+fp/hard\libgcc.a(_udivmoddi4.o)
                0x080034c0                        __exidx_end = .
                0x080034c0                        . = ALIGN (0x4)

.preinit_array  0x080034c0        0x0
                0x080034c0                        . = ALIGN (0x4)
                0x080034c0                        PROVIDE (__preinit_array_start = .)
 *(.preinit_array*)
                0x080034c0                        PROVIDE (__preinit_array_end = .)
                0x080034c0                        . = ALIGN (0x4)

.init_array     0x080034c0        0x4
                0x080034c0                        . = ALIGN (0x4)
                0x080034c0                        PROVIDE (__init_array_start = .)
 *(SORT_BY_NAME(.init_array.*))
 *(.init_array*)
 .init_array    0x080034c0        0x4 C:/ST/STM32CubeIDE_1.16.1/STM32CubeIDE/plugins/com.st.stm32cube.ide.mcu.externaltools.gnu-tools-for-stm32.12.3.rel1.win32_1.0.200.202406191623/tools/bin/../lib/gcc/arm-none-eabi/12.3.1/thumb/v7e-m+fp/hard/crtbegin.o
                0x080034c4                        PROVIDE (__init_array_end = .)
                0x080034c4                        . = ALIGN (0x4)

.fini_array     0x080034c4        0x4
                0x080034c4                        . = ALIGN (0x4)
                [!provide]                        PROVIDE (__fini_array_start = .)
 *(SORT_BY_NAME(.fini_array.*))
 *(.fini_array*)
 .fini_array    0x080034c4        0x4 C:/ST/STM32CubeIDE_1.16.1/STM32CubeIDE/plugins/com.st.stm32cube.ide.mcu.externaltools.gnu-tools-for-stm32.12.3.rel1.win32_1.0.200.202406191623/tools/bin/../lib/gcc/arm-none-eabi/12.3.1/thumb/v7e-m+fp/hard/crtbegin.o
                [!provide]                        PROVIDE (__fini_array_end = .)
                0x080034c8                        . = ALIGN (0x4)
                0x080034c8                        _sidata = LOADADDR (.data)

.rel.dyn        0x080034c8        0x0
 .rel.iplt      0x080034c8        0x0 C:/ST/STM32CubeIDE_1.16.1/STM32CubeIDE/plugins/com.st.stm32cube.ide.mcu.externaltools.gnu-tools-for-stm32.12.3.rel1.win32_1.0.200.202406191623/tools/bin/../lib/gcc/arm-none-eabi/12.3.1/thumb/v7e-m+fp/hard/crtbegin.o

.data           0x20000000        0xc load address 0x080034c8
                0x20000000                        . = ALIGN (0x4)
                0x20000000                        _sdata = .
 *(.data)
 *(.data*)
 .data.SystemCoreClock
                0x20000000        0x4 ./Core/Src/system_stm32f4xx.o
                0x20000000                SystemCoreClock
 .data.uwTickPrio
                0x20000004        0x4 ./Drivers/STM32F4xx_HAL_Driver/Src/stm32f4xx_hal.o
                0x20000004                uwTickPrio
 .data.uwTickFreq
                0x20000008        0x1 ./Drivers/STM32F4xx_HAL_Driver/Src/stm32f4xx_hal.o
                0x20000008                uwTickFreq
 *(.RamFunc)
 *(.RamFunc*)
                0x2000000c                        . = ALIGN (0x4)
 *fill*         0x20000009        0x3 
                0x2000000c                        _edata = .

.igot.plt       0x2000000c        0x0 load address 0x080034d4
 .igot.plt      0x2000000c        0x0 C:/ST/STM32CubeIDE_1.16.1/STM32CubeIDE/plugins/com.st.stm32cube.ide.mcu.externaltools.gnu-tools-for-stm32.12.3.rel1.win32_1.0.200.202406191623/tools/bin/../lib/gcc/arm-none-eabi/12.3.1/thumb/v7e-m+fp/hard/crtbegin.o
                0x2000000c                        . = ALIGN (0x4)

.bss            0x2000000c       0xac load address 0x080034d4
                0x2000000c                        _sbss = .
                0x2000000c                        __bss_start__ = _sbss
 *(.bss)
 .bss           0x2000000c       0x1c C:/ST/STM32CubeIDE_1.16.1/STM32CubeIDE/plugins/com.st.stm32cube.ide.mcu.externaltools.gnu-tools-for-stm32.12.3.rel1.win32_1.0.200.202406191623/tools/bin/../lib/gcc/arm-none-eabi/12.3.1/thumb/v7e-m+fp/hard/crtbegin.o
 *(.bss*)
 .bss.send_data
                0x20000028        0x4 ./Core/Src/main.o
                0x20000028                send_data
 .bss.hspi3     0x2000002c       0x58 ./Core/Src/main.o
                0x2000002c                hspi3
 .bss.myLoRa    0x20000084       0x2c ./Core/Src/main.o
                0x20000084                myLoRa
 .bss.LoRa_stat
                0x200000b0        0x1 ./Core/Src/main.o
                0x200000b0                LoRa_stat
 *fill*         0x200000b1        0x3 
 .bss.uwTick    0x200000b4        0x4 ./Drivers/STM32F4xx_HAL_Driver/Src/stm32f4xx_hal.o
                0x200000b4                uwTick
 *(COMMON)
                0x200000b8                        . = ALIGN (0x4)
                0x200000b8                        _ebss = .
                0x200000b8                        __bss_end__ = _ebss

._user_heap_stack
                0x200000b8      0x600 load address 0x080034d4
                0x200000b8                        . = ALIGN (0x8)
                [!provide]                        PROVIDE (end = .)
                0x200000b8                        PROVIDE (_end = .)
                0x200002b8                        . = (. + _Min_Heap_Size)
 *fill*         0x200000b8      0x200 
                0x200006b8                        . = (. + _Min_Stack_Size)
 *fill*         0x200002b8      0x400 
                0x200006b8                        . = ALIGN (0x8)

/DISCARD/
 libc.a(*)
 libm.a(*)
 libgcc.a(*)

.ARM.attributes
                0x00000000       0x30
 *(.ARM.attributes)
 .ARM.attributes
                0x00000000       0x22 C:/ST/STM32CubeIDE_1.16.1/STM32CubeIDE/plugins/com.st.stm32cube.ide.mcu.externaltools.gnu-tools-for-stm32.12.3.rel1.win32_1.0.200.202406191623/tools/bin/../lib/gcc/arm-none-eabi/12.3.1/thumb/v7e-m+fp/hard/crti.o
 .ARM.attributes
                0x00000022       0x34 C:/ST/STM32CubeIDE_1.16.1/STM32CubeIDE/plugins/com.st.stm32cube.ide.mcu.externaltools.gnu-tools-for-stm32.12.3.rel1.win32_1.0.200.202406191623/tools/bin/../lib/gcc/arm-none-eabi/12.3.1/thumb/v7e-m+fp/hard/crtbegin.o
 .ARM.attributes
                0x00000056       0x34 ./Core/Src/LoRa.o
 .ARM.attributes
                0x0000008a       0x34 ./Core/Src/main.o
 .ARM.attributes
                0x000000be       0x34 ./Core/Src/stm32f4xx_hal_msp.o
 .ARM.attributes
                0x000000f2       0x34 ./Core/Src/stm32f4xx_it.o
 .ARM.attributes
                0x00000126       0x34 ./Core/Src/system_stm32f4xx.o
 .ARM.attributes
                0x0000015a       0x21 ./Core/Startup/startup_stm32f412retx.o
 .ARM.attributes
                0x0000017b       0x34 ./Drivers/STM32F4xx_HAL_Driver/Src/stm32f4xx_hal.o
 .ARM.attributes
                0x000001af       0x34 ./Drivers/STM32F4xx_HAL_Driver/Src/stm32f4xx_hal_cortex.o
 .ARM.attributes
                0x000001e3       0x34 ./Drivers/STM32F4xx_HAL_Driver/Src/stm32f4xx_hal_gpio.o
 .ARM.attributes
                0x00000217       0x34 ./Drivers/STM32F4xx_HAL_Driver/Src/stm32f4xx_hal_rcc.o
 .ARM.attributes
                0x0000024b       0x34 ./Drivers/STM32F4xx_HAL_Driver/Src/stm32f4xx_hal_rcc_ex.o
 .ARM.attributes
                0x0000027f       0x34 ./Drivers/STM32F4xx_HAL_Driver/Src/stm32f4xx_hal_spi.o
 .ARM.attributes
                0x000002b3       0x34 C:/ST/STM32CubeIDE_1.16.1/STM32CubeIDE/plugins/com.st.stm32cube.ide.mcu.externaltools.gnu-tools-for-stm32.12.3.rel1.win32_1.0.200.202406191623/tools/bin/../lib/gcc/arm-none-eabi/12.3.1/../../../../arm-none-eabi/lib/thumb/v7e-m+fp/hard\libc_nano.a(libc_a-memset.o)
 .ARM.attributes
                0x000002e7       0x34 C:/ST/STM32CubeIDE_1.16.1/STM32CubeIDE/plugins/com.st.stm32cube.ide.mcu.externaltools.gnu-tools-for-stm32.12.3.rel1.win32_1.0.200.202406191623/tools/bin/../lib/gcc/arm-none-eabi/12.3.1/../../../../arm-none-eabi/lib/thumb/v7e-m+fp/hard\libc_nano.a(libc_a-init.o)
 .ARM.attributes
                0x0000031b       0x34 C:/ST/STM32CubeIDE_1.16.1/STM32CubeIDE/plugins/com.st.stm32cube.ide.mcu.externaltools.gnu-tools-for-stm32.12.3.rel1.win32_1.0.200.202406191623/tools/bin/../lib/gcc/arm-none-eabi/12.3.1/../../../../arm-none-eabi/lib/thumb/v7e-m+fp/hard\libc_nano.a(libc_a-memcpy-stub.o)
 .ARM.attributes
                0x0000034f       0x22 C:/ST/STM32CubeIDE_1.16.1/STM32CubeIDE/plugins/com.st.stm32cube.ide.mcu.externaltools.gnu-tools-for-stm32.12.3.rel1.win32_1.0.200.202406191623/tools/bin/../lib/gcc/arm-none-eabi/12.3.1/thumb/v7e-m+fp/hard\libgcc.a(_arm_addsubdf3.o)
 .ARM.attributes
                0x00000371       0x22 C:/ST/STM32CubeIDE_1.16.1/STM32CubeIDE/plugins/com.st.stm32cube.ide.mcu.externaltools.gnu-tools-for-stm32.12.3.rel1.win32_1.0.200.202406191623/tools/bin/../lib/gcc/arm-none-eabi/12.3.1/thumb/v7e-m+fp/hard\libgcc.a(_arm_muldivdf3.o)
 .ARM.attributes
                0x00000393       0x22 C:/ST/STM32CubeIDE_1.16.1/STM32CubeIDE/plugins/com.st.stm32cube.ide.mcu.externaltools.gnu-tools-for-stm32.12.3.rel1.win32_1.0.200.202406191623/tools/bin/../lib/gcc/arm-none-eabi/12.3.1/thumb/v7e-m+fp/hard\libgcc.a(_arm_fixdfsi.o)
 .ARM.attributes
                0x000003b5       0x22 C:/ST/STM32CubeIDE_1.16.1/STM32CubeIDE/plugins/com.st.stm32cube.ide.mcu.externaltools.gnu-tools-for-stm32.12.3.rel1.win32_1.0.200.202406191623/tools/bin/../lib/gcc/arm-none-eabi/12.3.1/thumb/v7e-m+fp/hard\libgcc.a(_aeabi_uldivmod.o)
 .ARM.attributes
                0x000003d7       0x34 C:/ST/STM32CubeIDE_1.16.1/STM32CubeIDE/plugins/com.st.stm32cube.ide.mcu.externaltools.gnu-tools-for-stm32.12.3.rel1.win32_1.0.200.202406191623/tools/bin/../lib/gcc/arm-none-eabi/12.3.1/thumb/v7e-m+fp/hard\libgcc.a(_udivmoddi4.o)
 .ARM.attributes
                0x0000040b       0x22 C:/ST/STM32CubeIDE_1.16.1/STM32CubeIDE/plugins/com.st.stm32cube.ide.mcu.externaltools.gnu-tools-for-stm32.12.3.rel1.win32_1.0.200.202406191623/tools/bin/../lib/gcc/arm-none-eabi/12.3.1/thumb/v7e-m+fp/hard\libgcc.a(_dvmd_tls.o)
 .ARM.attributes
                0x0000042d       0x22 C:/ST/STM32CubeIDE_1.16.1/STM32CubeIDE/plugins/com.st.stm32cube.ide.mcu.externaltools.gnu-tools-for-stm32.12.3.rel1.win32_1.0.200.202406191623/tools/bin/../lib/gcc/arm-none-eabi/12.3.1/thumb/v7e-m+fp/hard/crtn.o
OUTPUT(test_first_time_ra_02.elf elf32-littlearm)
LOAD linker stubs
LOAD C:/ST/STM32CubeIDE_1.16.1/STM32CubeIDE/plugins/com.st.stm32cube.ide.mcu.externaltools.gnu-tools-for-stm32.12.3.rel1.win32_1.0.200.202406191623/tools/bin/../lib/gcc/arm-none-eabi/12.3.1/../../../../arm-none-eabi/lib/thumb/v7e-m+fp/hard\libc.a
LOAD C:/ST/STM32CubeIDE_1.16.1/STM32CubeIDE/plugins/com.st.stm32cube.ide.mcu.externaltools.gnu-tools-for-stm32.12.3.rel1.win32_1.0.200.202406191623/tools/bin/../lib/gcc/arm-none-eabi/12.3.1/../../../../arm-none-eabi/lib/thumb/v7e-m+fp/hard\libm.a
LOAD C:/ST/STM32CubeIDE_1.16.1/STM32CubeIDE/plugins/com.st.stm32cube.ide.mcu.externaltools.gnu-tools-for-stm32.12.3.rel1.win32_1.0.200.202406191623/tools/bin/../lib/gcc/arm-none-eabi/12.3.1/thumb/v7e-m+fp/hard\libgcc.a

.debug_info     0x00000000     0x7007
 .debug_info    0x00000000      0xe76 ./Core/Src/LoRa.o
 .debug_info    0x00000e76      0xde7 ./Core/Src/main.o
 .debug_info    0x00001c5d      0x965 ./Core/Src/stm32f4xx_hal_msp.o
 .debug_info    0x000025c2      0x112 ./Core/Src/stm32f4xx_it.o
 .debug_info    0x000026d4      0x54a ./Core/Src/system_stm32f4xx.o
 .debug_info    0x00002c1e       0x30 ./Core/Startup/startup_stm32f412retx.o
 .debug_info    0x00002c4e      0x96a ./Drivers/STM32F4xx_HAL_Driver/Src/stm32f4xx_hal.o
 .debug_info    0x000035b8      0xd7a ./Drivers/STM32F4xx_HAL_Driver/Src/stm32f4xx_hal_cortex.o
 .debug_info    0x00004332      0x70b ./Drivers/STM32F4xx_HAL_Driver/Src/stm32f4xx_hal_gpio.o
 .debug_info    0x00004a3d      0x8eb ./Drivers/STM32F4xx_HAL_Driver/Src/stm32f4xx_hal_rcc.o
 .debug_info    0x00005328      0x7ba ./Drivers/STM32F4xx_HAL_Driver/Src/stm32f4xx_hal_rcc_ex.o
 .debug_info    0x00005ae2     0x1525 ./Drivers/STM32F4xx_HAL_Driver/Src/stm32f4xx_hal_spi.o

.debug_abbrev   0x00000000     0x167c
 .debug_abbrev  0x00000000      0x276 ./Core/Src/LoRa.o
 .debug_abbrev  0x00000276      0x28c ./Core/Src/main.o
 .debug_abbrev  0x00000502      0x1ae ./Core/Src/stm32f4xx_hal_msp.o
 .debug_abbrev  0x000006b0       0x73 ./Core/Src/stm32f4xx_it.o
 .debug_abbrev  0x00000723      0x11a ./Core/Src/system_stm32f4xx.o
 .debug_abbrev  0x0000083d       0x24 ./Core/Startup/startup_stm32f412retx.o
 .debug_abbrev  0x00000861      0x214 ./Drivers/STM32F4xx_HAL_Driver/Src/stm32f4xx_hal.o
 .debug_abbrev  0x00000a75      0x31d ./Drivers/STM32F4xx_HAL_Driver/Src/stm32f4xx_hal_cortex.o
 .debug_abbrev  0x00000d92      0x1d4 ./Drivers/STM32F4xx_HAL_Driver/Src/stm32f4xx_hal_gpio.o
 .debug_abbrev  0x00000f66      0x2b7 ./Drivers/STM32F4xx_HAL_Driver/Src/stm32f4xx_hal_rcc.o
 .debug_abbrev  0x0000121d      0x1e5 ./Drivers/STM32F4xx_HAL_Driver/Src/stm32f4xx_hal_rcc_ex.o
 .debug_abbrev  0x00001402      0x27a ./Drivers/STM32F4xx_HAL_Driver/Src/stm32f4xx_hal_spi.o

.debug_aranges  0x00000000      0x720
 .debug_aranges
                0x00000000       0xc8 ./Core/Src/LoRa.o
 .debug_aranges
                0x000000c8       0x48 ./Core/Src/main.o
 .debug_aranges
                0x00000110       0x30 ./Core/Src/stm32f4xx_hal_msp.o
 .debug_aranges
                0x00000140       0x60 ./Core/Src/stm32f4xx_it.o
 .debug_aranges
                0x000001a0       0x28 ./Core/Src/system_stm32f4xx.o
 .debug_aranges
                0x000001c8       0x28 ./Core/Startup/startup_stm32f412retx.o
 .debug_aranges
                0x000001f0       0xf0 ./Drivers/STM32F4xx_HAL_Driver/Src/stm32f4xx_hal.o
 .debug_aranges
                0x000002e0      0x130 ./Drivers/STM32F4xx_HAL_Driver/Src/stm32f4xx_hal_cortex.o
 .debug_aranges
                0x00000410       0x58 ./Drivers/STM32F4xx_HAL_Driver/Src/stm32f4xx_hal_gpio.o
 .debug_aranges
                0x00000468       0x88 ./Drivers/STM32F4xx_HAL_Driver/Src/stm32f4xx_hal_rcc.o
 .debug_aranges
                0x000004f0       0x60 ./Drivers/STM32F4xx_HAL_Driver/Src/stm32f4xx_hal_rcc_ex.o
 .debug_aranges
                0x00000550      0x1d0 ./Drivers/STM32F4xx_HAL_Driver/Src/stm32f4xx_hal_spi.o

.debug_rnglists
                0x00000000      0x54d
 .debug_rnglists
                0x00000000       0x96 ./Core/Src/LoRa.o
 .debug_rnglists
                0x00000096       0x34 ./Core/Src/main.o
 .debug_rnglists
                0x000000ca       0x20 ./Core/Src/stm32f4xx_hal_msp.o
 .debug_rnglists
                0x000000ea       0x43 ./Core/Src/stm32f4xx_it.o
 .debug_rnglists
                0x0000012d       0x1a ./Core/Src/system_stm32f4xx.o
 .debug_rnglists
                0x00000147       0x19 ./Core/Startup/startup_stm32f412retx.o
 .debug_rnglists
                0x00000160       0xaf ./Drivers/STM32F4xx_HAL_Driver/Src/stm32f4xx_hal.o
 .debug_rnglists
                0x0000020f       0xe0 ./Drivers/STM32F4xx_HAL_Driver/Src/stm32f4xx_hal_cortex.o
 .debug_rnglists
                0x000002ef       0x3f ./Drivers/STM32F4xx_HAL_Driver/Src/stm32f4xx_hal_gpio.o
 .debug_rnglists
                0x0000032e       0x66 ./Drivers/STM32F4xx_HAL_Driver/Src/stm32f4xx_hal_rcc.o
 .debug_rnglists
                0x00000394       0x4a ./Drivers/STM32F4xx_HAL_Driver/Src/stm32f4xx_hal_rcc_ex.o
 .debug_rnglists
                0x000003de      0x16f ./Drivers/STM32F4xx_HAL_Driver/Src/stm32f4xx_hal_spi.o

.debug_macro    0x00000000    0x1ea29
 .debug_macro   0x00000000      0x1d2 ./Core/Src/LoRa.o
 .debug_macro   0x000001d2      0xab4 ./Core/Src/LoRa.o
 .debug_macro   0x00000c86      0x295 ./Core/Src/LoRa.o
 .debug_macro   0x00000f1b       0x2e ./Core/Src/LoRa.o
 .debug_macro   0x00000f49       0x28 ./Core/Src/LoRa.o
 .debug_macro   0x00000f71       0x22 ./Core/Src/LoRa.o
 .debug_macro   0x00000f93       0x8e ./Core/Src/LoRa.o
 .debug_macro   0x00001021       0x51 ./Core/Src/LoRa.o
 .debug_macro   0x00001072      0x103 ./Core/Src/LoRa.o
 .debug_macro   0x00001175       0x6a ./Core/Src/LoRa.o
 .debug_macro   0x000011df      0x1df ./Core/Src/LoRa.o
 .debug_macro   0x000013be       0x1c ./Core/Src/LoRa.o
 .debug_macro   0x000013da       0x22 ./Core/Src/LoRa.o
 .debug_macro   0x000013fc       0xfb ./Core/Src/LoRa.o
 .debug_macro   0x000014f7     0x1011 ./Core/Src/LoRa.o
 .debug_macro   0x00002508      0x11f ./Core/Src/LoRa.o
 .debug_macro   0x00002627    0x1469c ./Core/Src/LoRa.o
 .debug_macro   0x00016cc3       0x6d ./Core/Src/LoRa.o
 .debug_macro   0x00016d30     0x369a ./Core/Src/LoRa.o
 .debug_macro   0x0001a3ca      0x189 ./Core/Src/LoRa.o
 .debug_macro   0x0001a553       0x5c ./Core/Src/LoRa.o
 .debug_macro   0x0001a5af      0x902 ./Core/Src/LoRa.o
 .debug_macro   0x0001aeb1      0x9e9 ./Core/Src/LoRa.o
 .debug_macro   0x0001b89a      0x115 ./Core/Src/LoRa.o
 .debug_macro   0x0001b9af      0x192 ./Core/Src/LoRa.o
 .debug_macro   0x0001bb41       0xa5 ./Core/Src/LoRa.o
 .debug_macro   0x0001bbe6      0x158 ./Core/Src/LoRa.o
 .debug_macro   0x0001bd3e      0x287 ./Core/Src/LoRa.o
 .debug_macro   0x0001bfc5       0x5f ./Core/Src/LoRa.o
 .debug_macro   0x0001c024      0x236 ./Core/Src/LoRa.o
 .debug_macro   0x0001c25a      0x132 ./Core/Src/LoRa.o
 .debug_macro   0x0001c38c      0x29c ./Core/Src/LoRa.o
 .debug_macro   0x0001c628       0x2e ./Core/Src/LoRa.o
 .debug_macro   0x0001c656      0x127 ./Core/Src/LoRa.o
 .debug_macro   0x0001c77d       0x91 ./Core/Src/LoRa.o
 .debug_macro   0x0001c80e       0x89 ./Core/Src/LoRa.o
 .debug_macro   0x0001c897      0x225 ./Core/Src/LoRa.o
 .debug_macro   0x0001cabc      0x126 ./Core/Src/LoRa.o
 .debug_macro   0x0001cbe2       0x28 ./Core/Src/LoRa.o
 .debug_macro   0x0001cc0a      0x172 ./Core/Src/LoRa.o
 .debug_macro   0x0001cd7c      0x2d8 ./Core/Src/main.o
 .debug_macro   0x0001d054       0x61 ./Core/Src/main.o
 .debug_macro   0x0001d0b5       0x2a ./Core/Src/main.o
 .debug_macro   0x0001d0df       0x43 ./Core/Src/main.o
 .debug_macro   0x0001d122       0x34 ./Core/Src/main.o
 .debug_macro   0x0001d156       0x16 ./Core/Src/main.o
 .debug_macro   0x0001d16c       0x43 ./Core/Src/main.o
 .debug_macro   0x0001d1af       0x34 ./Core/Src/main.o
 .debug_macro   0x0001d1e3       0x10 ./Core/Src/main.o
 .debug_macro   0x0001d1f3       0x58 ./Core/Src/main.o
 .debug_macro   0x0001d24b       0x8e ./Core/Src/main.o
 .debug_macro   0x0001d2d9       0x1c ./Core/Src/main.o
 .debug_macro   0x0001d2f5      0x177 ./Core/Src/main.o
 .debug_macro   0x0001d46c      0x369 ./Core/Src/main.o
 .debug_macro   0x0001d7d5       0x10 ./Core/Src/main.o
 .debug_macro   0x0001d7e5       0x35 ./Core/Src/main.o
 .debug_macro   0x0001d81a       0x20 ./Core/Src/main.o
 .debug_macro   0x0001d83a       0x1c ./Core/Src/main.o
 .debug_macro   0x0001d856       0x10 ./Core/Src/main.o
 .debug_macro   0x0001d866       0x1c ./Core/Src/main.o
 .debug_macro   0x0001d882       0x16 ./Core/Src/main.o
 .debug_macro   0x0001d898      0x146 ./Core/Src/main.o
 .debug_macro   0x0001d9de      0x1c9 ./Core/Src/stm32f4xx_hal_msp.o
 .debug_macro   0x0001dba7      0x1d3 ./Core/Src/stm32f4xx_it.o
 .debug_macro   0x0001dd7a      0x1ba ./Core/Src/system_stm32f4xx.o
 .debug_macro   0x0001df34      0x21a ./Drivers/STM32F4xx_HAL_Driver/Src/stm32f4xx_hal.o
 .debug_macro   0x0001e14e      0x1ba ./Drivers/STM32F4xx_HAL_Driver/Src/stm32f4xx_hal_cortex.o
 .debug_macro   0x0001e308      0x1c0 ./Drivers/STM32F4xx_HAL_Driver/Src/stm32f4xx_hal_gpio.o
 .debug_macro   0x0001e4c8      0x1de ./Drivers/STM32F4xx_HAL_Driver/Src/stm32f4xx_hal_rcc.o
 .debug_macro   0x0001e6a6      0x1ba ./Drivers/STM32F4xx_HAL_Driver/Src/stm32f4xx_hal_rcc_ex.o
 .debug_macro   0x0001e860      0x1c9 ./Drivers/STM32F4xx_HAL_Driver/Src/stm32f4xx_hal_spi.o

.debug_line     0x00000000     0x8a69
 .debug_line    0x00000000      0xbb2 ./Core/Src/LoRa.o
 .debug_line    0x00000bb2      0x9ee ./Core/Src/main.o
 .debug_line    0x000015a0      0x77c ./Core/Src/stm32f4xx_hal_msp.o
 .debug_line    0x00001d1c      0x7df ./Core/Src/stm32f4xx_it.o
 .debug_line    0x000024fb      0x7a1 ./Core/Src/system_stm32f4xx.o
 .debug_line    0x00002c9c       0x7a ./Core/Startup/startup_stm32f412retx.o
 .debug_line    0x00002d16      0xa0a ./Drivers/STM32F4xx_HAL_Driver/Src/stm32f4xx_hal.o
 .debug_line    0x00003720      0xcfc ./Drivers/STM32F4xx_HAL_Driver/Src/stm32f4xx_hal_cortex.o
 .debug_line    0x0000441c      0xb46 ./Drivers/STM32F4xx_HAL_Driver/Src/stm32f4xx_hal_gpio.o
 .debug_line    0x00004f62      0xd9f ./Drivers/STM32F4xx_HAL_Driver/Src/stm32f4xx_hal_rcc.o
 .debug_line    0x00005d01     0x1040 ./Drivers/STM32F4xx_HAL_Driver/Src/stm32f4xx_hal_rcc_ex.o
 .debug_line    0x00006d41     0x1d28 ./Drivers/STM32F4xx_HAL_Driver/Src/stm32f4xx_hal_spi.o

.debug_str      0x00000000    0xb8ff1
 .debug_str     0x00000000    0xb39a7 ./Core/Src/LoRa.o
                              0xb3ce2 (size before relaxing)
 .debug_str     0x000b39a7     0x3ade ./Core/Src/main.o
                              0xb75ca (size before relaxing)
 .debug_str     0x000b7485       0x63 ./Core/Src/stm32f4xx_hal_msp.o
                              0xb3798 (size before relaxing)
 .debug_str     0x000b74e8       0xc9 ./Core/Src/stm32f4xx_it.o
                              0xb31ff (size before relaxing)
 .debug_str     0x000b75b1       0xdb ./Core/Src/system_stm32f4xx.o
                              0xb32d6 (size before relaxing)
 .debug_str     0x000b768c       0x44 ./Core/Startup/startup_stm32f412retx.o
                                 0xa0 (size before relaxing)
 .debug_str     0x000b76d0      0xac6 ./Drivers/STM32F4xx_HAL_Driver/Src/stm32f4xx_hal.o
                              0xb3e34 (size before relaxing)
 .debug_str     0x000b8196      0x392 ./Drivers/STM32F4xx_HAL_Driver/Src/stm32f4xx_hal_cortex.o
                              0xb3b8c (size before relaxing)
 .debug_str     0x000b8528      0x101 ./Drivers/STM32F4xx_HAL_Driver/Src/stm32f4xx_hal_gpio.o
                              0xb3457 (size before relaxing)
 .debug_str     0x000b8629      0x233 ./Drivers/STM32F4xx_HAL_Driver/Src/stm32f4xx_hal_rcc.o
                              0xb370f (size before relaxing)
 .debug_str     0x000b885c      0x22b ./Drivers/STM32F4xx_HAL_Driver/Src/stm32f4xx_hal_rcc_ex.o
                              0xb360f (size before relaxing)
 .debug_str     0x000b8a87      0x56a ./Drivers/STM32F4xx_HAL_Driver/Src/stm32f4xx_hal_spi.o
                              0xb3b70 (size before relaxing)

.comment        0x00000000       0x43
 .comment       0x00000000       0x43 ./Core/Src/LoRa.o
                                 0x44 (size before relaxing)
 .comment       0x00000043       0x44 ./Core/Src/main.o
 .comment       0x00000043       0x44 ./Core/Src/stm32f4xx_hal_msp.o
 .comment       0x00000043       0x44 ./Core/Src/stm32f4xx_it.o
 .comment       0x00000043       0x44 ./Core/Src/system_stm32f4xx.o
 .comment       0x00000043       0x44 ./Drivers/STM32F4xx_HAL_Driver/Src/stm32f4xx_hal.o
 .comment       0x00000043       0x44 ./Drivers/STM32F4xx_HAL_Driver/Src/stm32f4xx_hal_cortex.o
 .comment       0x00000043       0x44 ./Drivers/STM32F4xx_HAL_Driver/Src/stm32f4xx_hal_gpio.o
 .comment       0x00000043       0x44 ./Drivers/STM32F4xx_HAL_Driver/Src/stm32f4xx_hal_rcc.o
 .comment       0x00000043       0x44 ./Drivers/STM32F4xx_HAL_Driver/Src/stm32f4xx_hal_rcc_ex.o
 .comment       0x00000043       0x44 ./Drivers/STM32F4xx_HAL_Driver/Src/stm32f4xx_hal_spi.o

.debug_frame    0x00000000     0x1d2c
 .debug_frame   0x00000000      0x338 ./Core/Src/LoRa.o
 .debug_frame   0x00000338       0xd4 ./Core/Src/main.o
 .debug_frame   0x0000040c       0x80 ./Core/Src/stm32f4xx_hal_msp.o
 .debug_frame   0x0000048c      0x104 ./Core/Src/stm32f4xx_it.o
 .debug_frame   0x00000590       0x58 ./Core/Src/system_stm32f4xx.o
 .debug_frame   0x000005e8      0x374 ./Drivers/STM32F4xx_HAL_Driver/Src/stm32f4xx_hal.o
 .debug_frame   0x0000095c      0x508 ./Drivers/STM32F4xx_HAL_Driver/Src/stm32f4xx_hal_cortex.o
 .debug_frame   0x00000e64      0x14c ./Drivers/STM32F4xx_HAL_Driver/Src/stm32f4xx_hal_gpio.o
 .debug_frame   0x00000fb0      0x1f4 ./Drivers/STM32F4xx_HAL_Driver/Src/stm32f4xx_hal_rcc.o
 .debug_frame   0x000011a4      0x16c ./Drivers/STM32F4xx_HAL_Driver/Src/stm32f4xx_hal_rcc_ex.o
 .debug_frame   0x00001310      0x828 ./Drivers/STM32F4xx_HAL_Driver/Src/stm32f4xx_hal_spi.o
 .debug_frame   0x00001b38       0x20 C:/ST/STM32CubeIDE_1.16.1/STM32CubeIDE/plugins/com.st.stm32cube.ide.mcu.externaltools.gnu-tools-for-stm32.12.3.rel1.win32_1.0.200.202406191623/tools/bin/../lib/gcc/arm-none-eabi/12.3.1/../../../../arm-none-eabi/lib/thumb/v7e-m+fp/hard\libc_nano.a(libc_a-memset.o)
 .debug_frame   0x00001b58       0x2c C:/ST/STM32CubeIDE_1.16.1/STM32CubeIDE/plugins/com.st.stm32cube.ide.mcu.externaltools.gnu-tools-for-stm32.12.3.rel1.win32_1.0.200.202406191623/tools/bin/../lib/gcc/arm-none-eabi/12.3.1/../../../../arm-none-eabi/lib/thumb/v7e-m+fp/hard\libc_nano.a(libc_a-init.o)
 .debug_frame   0x00001b84       0x28 C:/ST/STM32CubeIDE_1.16.1/STM32CubeIDE/plugins/com.st.stm32cube.ide.mcu.externaltools.gnu-tools-for-stm32.12.3.rel1.win32_1.0.200.202406191623/tools/bin/../lib/gcc/arm-none-eabi/12.3.1/../../../../arm-none-eabi/lib/thumb/v7e-m+fp/hard\libc_nano.a(libc_a-memcpy-stub.o)
 .debug_frame   0x00001bac       0xac C:/ST/STM32CubeIDE_1.16.1/STM32CubeIDE/plugins/com.st.stm32cube.ide.mcu.externaltools.gnu-tools-for-stm32.12.3.rel1.win32_1.0.200.202406191623/tools/bin/../lib/gcc/arm-none-eabi/12.3.1/thumb/v7e-m+fp/hard\libgcc.a(_arm_addsubdf3.o)
 .debug_frame   0x00001c58       0x50 C:/ST/STM32CubeIDE_1.16.1/STM32CubeIDE/plugins/com.st.stm32cube.ide.mcu.externaltools.gnu-tools-for-stm32.12.3.rel1.win32_1.0.200.202406191623/tools/bin/../lib/gcc/arm-none-eabi/12.3.1/thumb/v7e-m+fp/hard\libgcc.a(_arm_muldivdf3.o)
 .debug_frame   0x00001ca8       0x24 C:/ST/STM32CubeIDE_1.16.1/STM32CubeIDE/plugins/com.st.stm32cube.ide.mcu.externaltools.gnu-tools-for-stm32.12.3.rel1.win32_1.0.200.202406191623/tools/bin/../lib/gcc/arm-none-eabi/12.3.1/thumb/v7e-m+fp/hard\libgcc.a(_arm_fixdfsi.o)
 .debug_frame   0x00001ccc       0x2c C:/ST/STM32CubeIDE_1.16.1/STM32CubeIDE/plugins/com.st.stm32cube.ide.mcu.externaltools.gnu-tools-for-stm32.12.3.rel1.win32_1.0.200.202406191623/tools/bin/../lib/gcc/arm-none-eabi/12.3.1/thumb/v7e-m+fp/hard\libgcc.a(_aeabi_uldivmod.o)
 .debug_frame   0x00001cf8       0x34 C:/ST/STM32CubeIDE_1.16.1/STM32CubeIDE/plugins/com.st.stm32cube.ide.mcu.externaltools.gnu-tools-for-stm32.12.3.rel1.win32_1.0.200.202406191623/tools/bin/../lib/gcc/arm-none-eabi/12.3.1/thumb/v7e-m+fp/hard\libgcc.a(_udivmoddi4.o)

.debug_line_str
                0x00000000       0x84
 .debug_line_str
                0x00000000       0x84 ./Core/Startup/startup_stm32f412retx.o
